<html>
<body>
<pre>
<h1>µVision Build Log</h1>
<h2>Tool Versions:</h2>
IDE-Version: ¦ÌVision V5.21.1.0
Copyright (C) 2016 ARM Ltd and ARM Germany GmbH. All rights reserved.
License Information: wanh WH, Hewlett-Packard, LIC=EXJUH-W5CK9-01UP1-CJ6QI-E0BQ6-K7NQY
 
Tool Versions:
Toolchain:       MDK-ARM Plus  Version: 5.21a
Toolchain Path:  D:\Program Files\Keil5 MDK\ARM\ARMCC\Bin
C Compiler:      Armcc.exe V5.06 update 3 (build 300)
Assembler:       Armasm.exe V5.06 update 3 (build 300)
Linker/Locator:  ArmLink.exe V5.06 update 3 (build 300)
Library Manager: ArmAr.exe V5.06 update 3 (build 300)
Hex Converter:   FromElf.exe V5.06 update 3 (build 300)
CPU DLL:         SARMCM3.DLL V5.21a
Dialog DLL:      DCM.DLL V1.13.8.0
Target DLL:      STLink\ST-LINKIII-KEIL_SWO.dll V2.0.18.0
Dialog DLL:      TCM.DLL V1.14.14.0
 
<h2>Project:</h2>
G:\Git\elevator_iot\RVMDK£¨uv5£©\Project\STM32F407VET6.uvprojx
Project File Date:  04/13/2017

<h2>Output:</h2>
*** Using Compiler 'V5.06 update 3 (build 300)', folder: 'D:\Program Files\Keil5 MDK\ARM\ARMCC\Bin'
Build target 'Template'
compiling state.c...
compiling main.c...
compiling timer.c...
linking...
Program Size: Code=9028 RO-data=424 RW-data=44 ZI-data=1228  
FromELF: creating hex file...
".\Objects\STM32F407VET6.axf" - 0 Error(s), 0 Warning(s).

<h2>Collection of Component include folders:</h2>
  G:\Git\elevator_iot\RVMDK£¨uv5£©\Project\RTE
  D:\Program Files\Keil5 MDK\ARM\PACK\Keil\STM32F4xx_DFP\2.11.0\Drivers\CMSIS\Device\ST\STM32F4xx\Include

<h2>Collection of Component Files used:</h2>
Build Time Elapsed:  00:00:01
</pre>
</body>
</html>
